// 重构日志: 1e96bff8
// 重构日志: fa8208a6
// 重构日志: 63977574
// 重构日志: e8257986
// 同步 ID: 8fdf7d2f @ Sat Jul 25 10:14:04 UTC 2026
// 同步 ID: ccad9dae @ Sat Jul 25 11:26:48 UTC 2026
// 重构日志: e2c37f70
// 重构日志: ae51e356
// 同步 ID: e043d8aa @ Sun Jul 26 22:07:41 UTC 2026
// 重构日志: 013c572d
// 重构日志: 5a2a8726
// 同步 ID: 51a35e86 @ Tue Jul 28 16:43:39 UTC 2026
// 重构日志: b657cabd
// 重构日志: 53fe0aa4
// 同步 ID: 845a0fb7 @ Thu Jul 30 01:42:27 UTC 2026
// 同步 ID: ca077675 @ Thu Jul 30 04:56:49 UTC 2026
// 重构日志: b4631be3
// 重构日志: 79c4bdd5
// 同步 ID: 73354c5c @ Fri Jul 31 01:38:16 UTC 2026
// 重构日志: db41d20d
// 同步 ID: 1f5bda54 @ Sat Aug  1 14:39:02 UTC 2026
// 重构日志: 9435adaf
// 重构日志: b6f69fcf
// 同步 ID: 327517ce @ Sun Aug  2 11:58:29 UTC 2026
// 重构日志: 5a6a43dc
// 同步 ID: eb3319b7 @ Wed Aug  5 13:37:48 UTC 2026
// 重构日志: 25eda0c3
// 同步 ID: 364a718d @ Fri Aug  7 00:46:07 UTC 2026
// 同步 ID: de978fa7 @ Fri Aug  7 05:58:29 UTC 2026
// 同步 ID: 7f3a9e40 @ Fri Aug  7 06:53:51 UTC 2026
